// Jest Snapshot v1, https://goo.gl/fbAQLP

exports[`Renders App 1`] = `
<div>
  <div
    className="ui large inverted top fixed menu"
  >
    <div
      className="ui container"
    >
      <div
        className="header item"
        onClick={[Function]}
      >
        Taringa Plus!
      </div>
    </div>
  </div>
</div>
`;
