// Jest Snapshot v1, https://goo.gl/fbAQLP

exports[`Render nav 1`] = `
<div
  className="ui large top fixed menu"
>
  <div
    className="ui container"
  >
    <a
      className="header item"
      href="/"
      onClick={[Function]}
    >
      Taringa Plus!
    </a>
  </div>
</div>
`;
